<html>
<body>
<pre>
<h1>µVision Build Log</h1>
<h2>Project:</h2>
D:\LYD\WorkSpace\GitHub\12864DisplaySystem\Project\TimeTest.uvproj
Project File Date:  04/12/2018

<h2>Output:</h2>
Build target 'Timeer Test'
compiling main.c...
..\User\main.c(9): warning:  #177-D: variable "x" was declared but never referenced
..\User\main.c(9): warning:  #177-D: variable "y" was declared but never referenced
..\User\main.c(10): warning:  #177-D: variable "i" was declared but never referenced
compiling stm32f10x_it.c...
compiling delay.c...
compiling sys.c...
compiling ST7920.c...
compiling display.c...
..\HardWare\OLED\display.c(41): warning:  #223-D: function "strlen" declared implicitly
..\HardWare\OLED\display.c(289): warning:  #223-D: function "memset" declared implicitly
..\HardWare\OLED\display.c(394): warning:  #223-D: function "memset" declared implicitly
..\HardWare\OLED\display.c(452): warning:  #223-D: function "sscanf" declared implicitly
..\HardWare\OLED\display.c(498): warning:  #223-D: function "strlen" declared implicitly
..\HardWare\OLED\display.c(506): warning:  #223-D: function "memset" declared implicitly
..\HardWare\OLED\display.c(557): warning:  #223-D: function "strlen" declared implicitly
..\HardWare\OLED\display.c(597): warning:  #223-D: function "memcpy" declared implicitly
..\HardWare\OLED\display.c(619): warning:  #223-D: function "memcpy" declared implicitly
compiling oled.c...
..\HardWare\OLED\oled.c(821): warning:  #223-D: function "memset" declared implicitly
..\HardWare\OLED\oled.c(847): warning:  #177-D: variable "j" was declared but never referenced
..\HardWare\OLED\oled.c(896): warning:  #177-D: variable "oled_line" was declared but never referenced
..\HardWare\OLED\oled.c(896): warning:  #177-D: variable "j" was declared but never referenced
..\HardWare\OLED\oled.c(896): warning:  #177-D: variable "oled_h_dot" was declared but never referenced
..\HardWare\OLED\oled.c(897): warning:  #177-D: variable "dot_line" was declared but never referenced
..\HardWare\OLED\oled.c(898): warning:  #177-D: variable "dot_index" was declared but never referenced
compiling misc.c...
compiling stm32f10x_gpio.c...
compiling stm32f10x_tim.c...
compiling stm32f10x_rcc.c...
compiling core_cm3.c...
compiling system_stm32f10x.c...
assembling startup_stm32f10x_md.s...
linking...
Program Size: Code=15252 RO-data=2524 RW-data=436 ZI-data=6340  
FromELF: creating hex file...
".\OUTPUT\TimeTest.axf" - 0 Errors, 19 Warning(s).
Load "D:\\LYD\\WorkSpace\\GitHub\\12864DisplaySystem\\Project\\OUTPUT\\TimeTest.axf" 
Load "D:\\LYD\\WorkSpace\\GitHub\\12864DisplaySystem\\Project\\OUTPUT\\TimeTest.axf" 
Load "D:\\LYD\\WorkSpace\\GitHub\\12864DisplaySystem\\Project\\OUTPUT\\TimeTest.axf" 
Load "D:\\LYD\\WorkSpace\\GitHub\\12864DisplaySystem\\Project\\OUTPUT\\TimeTest.axf" 
Load "D:\\LYD\\WorkSpace\\GitHub\\12864DisplaySystem\\Project\\OUTPUT\\TimeTest.axf" 
Load "D:\\LYD\\WorkSpace\\GitHub\\12864DisplaySystem\\Project\\OUTPUT\\TimeTest.axf" 
Full Chip Erase Done.
Programming Done.
Verify OK.
Application running ...
